
 RUN  v3.2.4 /Users/gonzo/Code/gwrk

 ❯ src/engine/drift-detector.test.ts (3 tests | 3 failed) 3ms
   × src/engine/drift-detector.ts (FR-006) > should detect DRIFTED if SHIPPED phase has artifacts in .agents/ 2ms
     → Method not implemented.
   × src/engine/drift-detector.ts (FR-006) > should report CLEAN if SHIPPED phase has NO artifacts in .agents/ 0ms
     → Method not implemented.
   × src/engine/drift-detector.ts (FR-006) > should detect features in specs/ missing from graph 0ms
     → Method not implemented.
 ❯ src/engine/plan-store.proposals.test.ts (1 test | 1 failed) 3ms
   × PlanStore Proposals (US-014) > should create a proposal 2ms
     → proposeChange not implemented
 ❯ src/engine/plan.integration.test.ts (1 test | 1 failed) 14ms
   × PlanStore Integration (FR-001/005/009/013) > should seed from markdown and render back 12ms
     → expected [ { id: 'F000', …(6) }, …(19) ] to have a length of 2 but got 20
 ❯ src/engine/ship-orchestrator.plan-event.test.ts (1 test | 1 failed) 6ms
   × ShipOrchestrator Event Emission (FR-007) > should emit plan:ship:complete when stage becomes DONE 5ms
     → expected "spy" to be called with arguments: [ ObjectContaining {"phaseId": "P1"} ][90m

Number of calls: [1m0[22m
[39m
[2m14:58:27 +00:00[0m  Doing work...
[2m14:58:27 +00:00[0m  Debug info...
stdout | src/commands/ship.test.ts > shipCommand > ship without phase should ship all phases from tasks.json
▶ Shipping feature 001-cli-core: 2 phases (P01, P02)

 ❯ src/cli.test.ts (1 test | 1 failed) 699ms
   × FR-001 / FR-004: CLI Command Registration > US-001 / US-003: registers Foxtrot Charlie pillar commands 699ms
     → expected [ 'init', 'project', 'define', …(13) ] to not include 'plan'
 ✓ src/utils/exec.test.ts (12 tests) 700ms
[2m14:58:28 +00:00[0m  [33m⏳ 429 — Rate limited (attempt 1), retrying…[0m
[2m14:58:28 +00:00[0m  Attempt 2 succeeded
stdout | src/commands/ship.test.ts > shipCommand > should stop on first phase failure
▶ Shipping feature 001-cli-core: 2 phases (P01, P02)

 ✓ src/utils/agent.test.ts (13 tests) 459ms
 ✓ src/cli.harvest.e2e.test.ts (2 tests | 1 skipped) 474ms
   ✓ FR-H07: Done-Done CLI & Slack Notification > US-H05: gwrk harvest --help displays help  473ms
stdout | src/commands/ship.test.ts > shipCommand > should support dry-run mode for all phases
▶ Shipping feature 001-cli-core: 2 phases (P01, P02)

stdout | src/commands/ship.test.ts > FR-014: Phase Skip > US-009: should skip phase when all tasks have status 'completed'
  ⏭  Phase 01: all tasks complete — skipping
✓ All phases complete for 004-ship-loop — nothing to ship

stdout | src/commands/ship.test.ts > FR-014: Phase Skip > US-009: should skip phase when all tasks are either 'completed' or 'cancelled'
  ⏭  Phase 01: all tasks complete — skipping
✓ All phases complete for 004-ship-loop — nothing to ship

{"level":30,"time":1776200308430,"pid":31972,"hostname":"Mac.lan","msg":"Network up. Verifying health..."}
stdout | src/commands/ship.test.ts > FR-012, FR-017/T003: Execution Manifest Digest > US-007/T003: writeManifest receives a manifest object with digest array
  🔄 Resuming from state: IMPLEMENT
Starting/Resuming Ship Loop: IMPLEMENT

{"level":30,"time":1776200308433,"pid":31972,"hostname":"Mac.lan","msg":"Executing Graceful Reconnect Protocol..."}
{"level":30,"time":1776200308461,"pid":31972,"hostname":"Mac.lan","msg":"Reconnect successful. Resuming..."}
{"level":30,"time":1776200308475,"pid":31972,"hostname":"Mac.lan","msg":"Server listening at http://[::1]:52671"}
{"level":30,"time":1776200308483,"pid":31972,"hostname":"Mac.lan","msg":"Server listening at http://127.0.0.1:52671"}
{"level":30,"time":1776200308493,"pid":32157,"hostname":"Mac.lan","msg":"Network up. Verifying health..."}
stdout | src/commands/ship.test.ts > FR-015/T008: Agent-Native [exit:N | Xs] wrapper > US-010/T008: ship command emits [exit:N | Xs] on stderr after completion
  🔄 Resuming from state: IMPLEMENT
Starting/Resuming Ship Loop: IMPLEMENT

stdout | src/server/routes/dispatch.test.ts > dispatch routes > should enqueue a dispatch via POST /api/dispatch
gwrk server listening on http://[::1]:52671

{"level":30,"time":1776200308493,"pid":32157,"hostname":"Mac.lan","msg":"Executing Graceful Reconnect Protocol..."}
{"level":30,"time":1776200308520,"pid":32157,"hostname":"Mac.lan","msg":"Reconnect successful. Resuming..."}
stdout | src/commands/ship.test.ts > FR-015/T009: --format json support > US-010/T009: --format json emits structured JSON to stdout
  🔄 Resuming from state: IMPLEMENT
Starting/Resuming Ship Loop: IMPLEMENT

{"level":30,"time":1776200308540,"pid":32157,"hostname":"Mac.lan","msg":"Server listening at http://[::1]:18899"}
{"level":30,"time":1776200308546,"pid":32157,"hostname":"Mac.lan","msg":"Server listening at http://127.0.0.1:18899"}
stdout | src/server/integration.test.ts > Server E2E Integration > should start daemon and accept a dispatch request
gwrk server listening on http://[::1]:18899

 ✓ src/commands/ship.test.ts (18 tests) 510ms
 ✓ src/utils/signal.test.ts (10 tests) 1106ms
   ✓ FR-001: Operational Signal (withSignal) > formats duration as N.Ns when execution >= 1000ms  1101ms
 ✓ src/server/git-manager.test.ts (2 tests) 1162ms
   ✓ GitManager > should detect merge conflicts  941ms
{"level":30,"time":1776200308761,"pid":31972,"hostname":"Mac.lan","msg":"Network up. Verifying health..."}
{"level":30,"time":1776200308538,"pid":31972,"hostname":"Mac.lan","reqId":"req-1","req":{"method":"POST","url":"/api/dispatch","host":"localhost:80","remoteAddress":"127.0.0.1"},"msg":"incoming request"}
{"level":30,"time":1776200308542,"pid":31972,"hostname":"Mac.lan","reqId":"req-1","res":{"statusCode":201},"responseTime":3.8575000762939453,"msg":"request completed"}
{"level":30,"time":1776200308761,"pid":31972,"hostname":"Mac.lan","msg":"Executing Graceful Reconnect Protocol..."}
{"level":30,"time":1776200308783,"pid":31972,"hostname":"Mac.lan","msg":"Reconnect successful. Resuming..."}
{"level":30,"time":1776200308785,"pid":31972,"hostname":"Mac.lan","msg":"Server listening at http://[::1]:52672"}
{"level":30,"time":1776200308786,"pid":31972,"hostname":"Mac.lan","msg":"Server listening at http://127.0.0.1:52672"}
stdout | src/server/routes/dispatch.test.ts > dispatch routes > should return the queue status via GET /api/dispatch/queue
gwrk server listening on http://[::1]:52672

{"level":30,"time":1776200308589,"pid":32157,"hostname":"Mac.lan","reqId":"req-1","req":{"method":"POST","url":"/api/dispatch","host":"localhost:80","remoteAddress":"127.0.0.1"},"msg":"incoming request"}
{"level":30,"time":1776200308710,"pid":32157,"hostname":"Mac.lan","reqId":"req-1","res":{"statusCode":201},"responseTime":121.3506669998169,"msg":"request completed"}
{"level":30,"time":1776200308812,"pid":32157,"hostname":"Mac.lan","reqId":"req-2","req":{"method":"GET","url":"/api/dispatch/queue","host":"localhost:80","remoteAddress":"127.0.0.1"},"msg":"incoming request"}
{"level":30,"time":1776200308813,"pid":32157,"hostname":"Mac.lan","reqId":"req-2","res":{"statusCode":200},"responseTime":0.21512508392333984,"msg":"request completed"}
{"level":30,"time":1776200308813,"pid":32157,"hostname":"Mac.lan","reqId":"req-3","req":{"method":"GET","url":"/api/dispatch/feat-1/phase-1","host":"localhost:80","remoteAddress":"127.0.0.1"},"msg":"incoming request"}
{"level":30,"time":1776200308813,"pid":32157,"hostname":"Mac.lan","reqId":"req-3","res":{"statusCode":200},"responseTime":0.09954214096069336,"msg":"request completed"}
 ✓ src/server/integration.test.ts (1 test) 574ms
   ✓ Server E2E Integration > should start daemon and accept a dispatch request  573ms
{"level":30,"time":1776200308996,"pid":31972,"hostname":"Mac.lan","msg":"Network up. Verifying health..."}
{"level":30,"time":1776200308814,"pid":31972,"hostname":"Mac.lan","reqId":"req-1","req":{"method":"GET","url":"/api/dispatch/queue","host":"localhost:80","remoteAddress":"127.0.0.1"},"msg":"incoming request"}
{"level":30,"time":1776200308814,"pid":31972,"hostname":"Mac.lan","reqId":"req-1","res":{"statusCode":200},"responseTime":0.21837520599365234,"msg":"request completed"}
{"level":30,"time":1776200308996,"pid":31972,"hostname":"Mac.lan","msg":"Executing Graceful Reconnect Protocol..."}
{"level":30,"time":1776200309016,"pid":31972,"hostname":"Mac.lan","msg":"Reconnect successful. Resuming..."}
{"level":30,"time":1776200309023,"pid":31972,"hostname":"Mac.lan","msg":"Server listening at http://[::1]:52673"}
{"level":30,"time":1776200309028,"pid":31972,"hostname":"Mac.lan","msg":"Server listening at http://127.0.0.1:52673"}
 ✓ src/server/dispatch-orchestrator.test.ts (5 tests) 339ms
 ✓ src/server/github.test.ts (4 tests) 181ms
stdout | src/server/routes/dispatch.test.ts > dispatch routes > should return a specific dispatch via GET /api/dispatch/:feature/:phase
gwrk server listening on http://[::1]:52673

{"level":30,"time":1776200309075,"pid":31972,"hostname":"Mac.lan","reqId":"req-1","req":{"method":"POST","url":"/api/dispatch","host":"localhost:80","remoteAddress":"127.0.0.1"},"msg":"incoming request"}
{"level":30,"time":1776200309076,"pid":31972,"hostname":"Mac.lan","reqId":"req-1","res":{"statusCode":201},"responseTime":0.8282089233398438,"msg":"request completed"}
{"level":30,"time":1776200309076,"pid":31972,"hostname":"Mac.lan","reqId":"req-2","req":{"method":"GET","url":"/api/dispatch/feat-1/phase-1","host":"localhost:80","remoteAddress":"127.0.0.1"},"msg":"incoming request"}
{"level":30,"time":1776200309076,"pid":31972,"hostname":"Mac.lan","reqId":"req-2","res":{"statusCode":200},"responseTime":0.11483287811279297,"msg":"request completed"}
 ✓ src/server/routes/dispatch.test.ts (3 tests) 871ms
   ✓ dispatch routes > should enqueue a dispatch via POST /api/dispatch  336ms
{"level":30,"time":1776200309090,"pid":33084,"hostname":"Mac.lan","msg":"Network up. Verifying health..."}
{"level":30,"time":1776200309092,"pid":33084,"hostname":"Mac.lan","msg":"Executing Graceful Reconnect Protocol..."}
{"level":30,"time":1776200309136,"pid":33084,"hostname":"Mac.lan","msg":"Reconnect successful. Resuming..."}
{"level":30,"time":1776200309156,"pid":33084,"hostname":"Mac.lan","msg":"Server listening at http://[::1]:52676"}
{"level":30,"time":1776200309161,"pid":33084,"hostname":"Mac.lan","msg":"Server listening at http://127.0.0.1:52676"}
 ✓ src/server/dispatch.test.ts (8 tests) 253ms
stdout | src/server/routes/notify.test.ts > notify routes (FR-003, FR-007, US-003, US-007) > US-003, US-007: should post a notification via POST /api/notify
gwrk server listening on http://[::1]:52676

{"level":30,"time":1776200309256,"pid":33084,"hostname":"Mac.lan","msg":"Network up. Verifying health..."}
{"level":30,"time":1776200309272,"pid":33385,"hostname":"Mac.lan","msg":"Network up. Verifying health..."}
{"level":30,"time":1776200309199,"pid":33084,"hostname":"Mac.lan","reqId":"req-1","req":{"method":"POST","url":"/api/notify","host":"localhost:80","remoteAddress":"127.0.0.1"},"msg":"incoming request"}
{"level":30,"time":1776200309254,"pid":33084,"hostname":"Mac.lan","reqId":"req-1","res":{"statusCode":200},"responseTime":54.71999979019165,"msg":"request completed"}
{"level":30,"time":1776200309256,"pid":33084,"hostname":"Mac.lan","msg":"Executing Graceful Reconnect Protocol..."}
{"level":30,"time":1776200309286,"pid":33084,"hostname":"Mac.lan","msg":"Reconnect successful. Resuming..."}
{"level":30,"time":1776200309294,"pid":33084,"hostname":"Mac.lan","msg":"Server listening at http://[::1]:52677"}
 ✓ src/commands/server.test.ts (5 tests) 1013ms
   ✓ serverCommand > start > should daemonize if -f is NOT provided  504ms
   ✓ serverCommand > stop > should stop a running server  504ms
{"level":30,"time":1776200309296,"pid":33084,"hostname":"Mac.lan","msg":"Server listening at http://127.0.0.1:52677"}
stdout | src/server/routes/notify.test.ts > notify routes (FR-003, FR-007, US-003, US-007) > FR-003, US-003: should return 400 for missing required fields
gwrk server listening on http://[::1]:52677

{"level":30,"time":1776200309340,"pid":33622,"hostname":"Mac.lan","msg":"Network up. Verifying health..."}
{"level":30,"time":1776200309342,"pid":33084,"hostname":"Mac.lan","msg":"Network up. Verifying health..."}
{"level":30,"time":1776200309273,"pid":33385,"hostname":"Mac.lan","msg":"Executing Graceful Reconnect Protocol..."}
{"level":30,"time":1776200309315,"pid":33385,"hostname":"Mac.lan","msg":"Reconnect successful. Resuming..."}
{"level":30,"time":1776200309340,"pid":33622,"hostname":"Mac.lan","msg":"Executing Graceful Reconnect Protocol..."}
{"level":30,"time":1776200309342,"pid":33622,"hostname":"Mac.lan","msg":"Reconnect successful. Resuming..."}
{"level":30,"time":1776200309360,"pid":33385,"hostname":"Mac.lan","msg":"Server listening at http://[::1]:18892"}
{"level":30,"time":1776200309361,"pid":33385,"hostname":"Mac.lan","msg":"Server listening at http://127.0.0.1:18892"}
{"level":30,"time":1776200309340,"pid":33084,"hostname":"Mac.lan","reqId":"req-1","req":{"method":"POST","url":"/api/notify","host":"localhost:80","remoteAddress":"127.0.0.1"},"msg":"incoming request"}
{"level":30,"time":1776200309341,"pid":33084,"hostname":"Mac.lan","reqId":"req-1","res":{"statusCode":400},"responseTime":0.7989163398742676,"msg":"request completed"}
{"level":30,"time":1776200309342,"pid":33084,"hostname":"Mac.lan","msg":"Executing Graceful Reconnect Protocol..."}
{"level":30,"time":1776200309361,"pid":33084,"hostname":"Mac.lan","msg":"Reconnect successful. Resuming..."}
{"level":30,"time":1776200309363,"pid":33084,"hostname":"Mac.lan","msg":"Server listening at http://[::1]:52678"}
{"level":30,"time":1776200309365,"pid":33084,"hostname":"Mac.lan","msg":"Server listening at http://127.0.0.1:52678"}
stdout | src/server/routes/status.test.ts > status routes > should respond to /api/status with SystemStatus JSON
gwrk server listening on http://[::1]:18892

stdout | src/server/routes/notify.test.ts > notify routes (FR-003, FR-007, US-003, US-007) > FR-004, US-004: should handle opsOnly flag
gwrk server listening on http://[::1]:52678

{"level":30,"time":1776200309386,"pid":33084,"hostname":"Mac.lan","reqId":"req-1","req":{"method":"POST","url":"/api/notify","host":"localhost:80","remoteAddress":"127.0.0.1"},"msg":"incoming request"}
{"level":30,"time":1776200309386,"pid":33084,"hostname":"Mac.lan","reqId":"req-1","res":{"statusCode":200},"responseTime":0.5857501029968262,"msg":"request completed"}
 ✓ src/server/routes/notify.test.ts (3 tests) 366ms
{"level":30,"time":1776200309404,"pid":33622,"hostname":"Mac.lan","msg":"Server listening at http://[::1]:52679"}
stdout | src/server/index.test.ts > server bootstrap > should start the server and write PID
gwrk server listening on http://[::1]:52679

{"level":30,"time":1776200309408,"pid":33622,"hostname":"Mac.lan","msg":"Server listening at http://127.0.0.1:52679"}
{"level":30,"time":1776200309415,"pid":33622,"hostname":"Mac.lan","msg":"Network up. Verifying health..."}
{"level":30,"time":1776200309415,"pid":33622,"hostname":"Mac.lan","msg":"Executing Graceful Reconnect Protocol..."}
{"level":30,"time":1776200309417,"pid":33622,"hostname":"Mac.lan","msg":"Reconnect successful. Resuming..."}
{"level":30,"time":1776200309390,"pid":33385,"hostname":"Mac.lan","reqId":"req-1","req":{"method":"GET","url":"/api/status","host":"localhost:80","remoteAddress":"127.0.0.1"},"msg":"incoming request"}
{"level":30,"time":1776200309417,"pid":33385,"hostname":"Mac.lan","reqId":"req-1","res":{"statusCode":200},"responseTime":26.635542392730713,"msg":"request completed"}
 ✓ src/server/routes/status.test.ts (1 test) 222ms
{"level":30,"time":1776200309432,"pid":33622,"hostname":"Mac.lan","msg":"Server listening at http://[::1]:52680"}
 ✓ src/commands/tests-generate.test.ts (5 tests) 307ms
{"level":30,"time":1776200309436,"pid":33622,"hostname":"Mac.lan","msg":"Server listening at http://127.0.0.1:52680"}
stdout | src/server/index.test.ts > server bootstrap > should respond to /health
gwrk server listening on http://[::1]:52680

{"level":30,"time":1776200309449,"pid":33622,"hostname":"Mac.lan","reqId":"req-1","req":{"method":"GET","url":"/health","host":"localhost:80","remoteAddress":"127.0.0.1"},"msg":"incoming request"}
{"level":30,"time":1776200309465,"pid":33622,"hostname":"Mac.lan","reqId":"req-1","res":{"statusCode":200},"responseTime":12.946041107177734,"msg":"request completed"}
 ✓ src/server/index.test.ts (3 tests | 1 skipped) 165ms
 ✓ src/scripts.test.ts (9 tests) 134ms
 ✓ src/commands/init.test.ts (4 tests) 102ms
 ✓ src/commands/gate.test.ts (8 tests) 81ms
 ✓ src/utils/git.test.ts (10 tests) 4ms
 ✓ src/server/e2e.test.ts (11 tests) 187ms
stdout | src/server/slack-presence.test.ts > PresenceManager > should initialize and poll presence
Presence polling started for user: human-user (U123)

stdout | src/server/slack-presence.test.ts > PresenceManager > should deliver notifications immediately when active
Presence polling started for user: human-user (U123)

stdout | src/server/slack-presence.test.ts > PresenceManager > should queue notifications when away and flush when returning to active
Presence polling started for user: human-user (U123)

stdout | src/server/slack-presence.test.ts > PresenceManager > should queue notifications when away and flush when returning to active
User away. Queuing event: phase_start for feat-1

stdout | src/server/slack-presence.test.ts > PresenceManager > should queue notifications when away and flush when returning to active
User returned. Flushing 1 events.

 ✓ src/server/slack-presence.test.ts (3 tests) 31ms
 ✓ tests/server-github.test.ts (5 tests) 185ms
 ✓ src/plugins/agent-adapter.test.ts (10 tests) 26ms
 ✓ src/plugins/review-plugin.test.ts (8 tests) 36ms
 ✓ src/commands/tasks-done.test.ts (4 tests) 42ms
stdout | src/commands/test-cmd.test.ts > testCommand > feature-level run (all phases) > scopes vitest to test files extracted from all task descriptions

[2m──────────────────────────────────────────────────[0m
[1m[36m▸ gwrk test[0m  [2m14:58:29[0m
  [2mFeature   [0m 001-cli-core
  [2mPhase     [0m all
[2m──────────────────────────────────────────────────[0m

  Found 3 test files

[36m┌─────────────────────────────────────────────┐[0m
[36m│[0m  [32m✓ [1mtest[0m [32mcomplete[0m
[36m│[0m  Duration: [1m0s[0m
[36m└─────────────────────────────────────────────┘[0m

 ✓ src/server/routes/health.test.ts (3 tests) 48ms
 ✓ src/engine/pulse-integration.test.ts (7 tests) 2415ms
   ✓ TR-007: Integration test — real git repo > VR-001: scans real repo and produces valid PulseSnapshot  323ms
   ✓ TR-007: Integration test — real git repo > VR-001: weekly buckets span 3+ weeks  395ms
   ✓ TR-007: Integration test — real git repo > VR-001: mainLoc is positive (repo has content on main)  351ms
   ✓ TR-007: Integration test — real git repo > VR-004: determinism — two scans produce identical output  543ms
stdout | src/commands/test-cmd.test.ts > testCommand > feature-level run (all phases) > exits 0 when vitest passes

[2m──────────────────────────────────────────────────[0m
[1m[36m▸ gwrk test[0m  [2m14:58:29[0m
  [2mFeature   [0m 001-cli-core
  [2mPhase     [0m all
[2m──────────────────────────────────────────────────[0m

  Found 3 test files

[36m┌─────────────────────────────────────────────┐[0m
[36m│[0m  [32m✓ [1mtest[0m [32mcomplete[0m
[36m│[0m  Duration: [1m0s[0m
[36m└─────────────────────────────────────────────┘[0m

stdout | src/commands/test-cmd.test.ts > testCommand > feature-level run (all phases) > exits 1 when vitest fails

[2m──────────────────────────────────────────────────[0m
[1m[36m▸ gwrk test[0m  [2m14:58:29[0m
  [2mFeature   [0m 001-cli-core
  [2mPhase     [0m all
[2m──────────────────────────────────────────────────[0m

  Found 3 test files

stdout | src/commands/test-cmd.test.ts > testCommand > --phase scoping > restricts test files to the specified phase only

[2m──────────────────────────────────────────────────[0m
[1m[36m▸ gwrk test[0m  [2m14:58:29[0m
  [2mFeature   [0m 001-cli-core
  [2mPhase     [0m 01
[2m──────────────────────────────────────────────────[0m

  Found 1 test files

[36m┌─────────────────────────────────────────────┐[0m
[36m│[0m  [32m✓ [1mtest[0m [32mcomplete[0m
[36m│[0m  Duration: [1m0s[0m
[36m└─────────────────────────────────────────────┘[0m

 ✓ src/commands/test-cmd.test.ts (6 tests) 89ms
stdout | src/commands/tasks-generate.test.ts > tasks-generate (FR-002, US-002, ADR-005) > FR-002, US-002: should fail if contracts are missing and --no-llm is not used
  Parsing plan.md...
  Found 1 phases in plan.md
  Writing tasks.json...
  Reading gap-matrix.md for deterministic vitest gates...
  Deterministic vitest gates: 0 generated, 0 skipped

  ✗ Contracts required for gate authoring.
    Run 'gwrk define plan 001-cli-core' to generate plan.md and contracts/.
    See 'gwrk define plan --help'.

stdout | src/commands/tasks-generate.test.ts > tasks-generate (FR-002, US-002, ADR-005) > FR-002, US-002: should succeed if contracts are missing but --no-llm is used
  Parsing plan.md...
  Found 1 phases in plan.md
  Writing tasks.json...
  Reading gap-matrix.md for deterministic vitest gates...
  Deterministic vitest gates: 0 generated, 0 skipped
  ⚠ --no-llm: skipping gate authoring (tasks.json only)

  ✓ 1 phases, 1 tasks, 1 gates

stdout | src/commands/tasks-generate.test.ts > tasks-generate (FR-002, US-002, ADR-005) > TR-010: should preserve # AUTHORED gates even with --force
  Parsing plan.md...
  Found 1 phases in plan.md
  Preserving 1 # AUTHORED gate scripts...
  Writing tasks.json...
  Reading gap-matrix.md for deterministic vitest gates...
  Deterministic vitest gates: 0 generated, 0 skipped
  Generating gate brief...
  Brief: /tmp/gwrk-gate-brief-1776200310164.json
  Dispatching gemini for gate authoring...

stdout | src/commands/tasks-generate.test.ts > tasks-generate (FR-002, US-002, ADR-005) > TR-010: should preserve # AUTHORED gates even with --force
  ✓ Gates authored (0s)
  ⚠ 1 hollow gate(s) detected:
    ⚠ T001-gate.sh: no assertions (only boilerplate)

  ✓ 1 phases, 1 tasks, 1 gates

stdout | src/commands/tasks-generate.test.ts > tasks-generate (FR-002, US-002, ADR-005) > TR-012: should generate vitest gates from gap matrix with --no-llm
  Parsing plan.md...
  Found 1 phases in plan.md
  Writing tasks.json...
  Reading gap-matrix.md for deterministic vitest gates...
  Deterministic vitest gates: 1 generated, 0 skipped
  ⚠ --no-llm: LLM dispatch skipped (vitest gates generated from gap matrix)

  ✓ 1 phases, 1 tasks, 1 gates

 ✓ src/commands/tasks-generate.test.ts (4 tests) 75ms
 ✓ src/commands/define-plan.test.ts (3 tests) 39ms
 ✓ src/server/slack-commands.test.ts (7 tests) 52ms
 ✓ src/server/slack-messages.test.ts (6 tests) 23ms
 ✓ src/db/runs.test.ts (8 tests) 17ms
stdout | src/commands/specify.test.ts > specifyCommand > should dispatch workflow in rework mode when spec exists

[2m──────────────────────────────────────────────────[0m
[1m[36m▸ gwrk define spec[0m  [2m14:58:30[0m
  [2mAgent     [0m gemini
  [2mFeature   [0m 014-plugin-system
  [2mMode      [0m rework
  [2mPrompt    [0m "Add WorkflowRuntime rework"
  [2mRun ID    [0m 4399
[2m──────────────────────────────────────────────────[0m


stdout | src/commands/specify.test.ts > specifyCommand > should dispatch workflow in rework mode when spec exists

[36m┌─────────────────────────────────────────────┐[0m
[36m│[0m  [32m✓ [1mdefine spec[0m [32mcomplete[0m
[36m│[0m  Duration: [1m0s[0m
[36m│[0m  Run:      [2m#4399[0m
[36m└─────────────────────────────────────────────┘[0m

 ✓ src/server/slack-home.test.ts (2 tests) 20ms
stdout | src/commands/specify.test.ts > specifyCommand > should dispatch workflow in new mode with prompt

[2m──────────────────────────────────────────────────[0m
[1m[36m▸ gwrk define spec[0m  [2m14:58:30[0m
  [2mAgent     [0m gemini
  [2mFeature   [0m 018-new-feature
  [2mMode      [0m new
  [2mPrompt    [0m "A brand new feature description"
  [2mRun ID    [0m 4400
[2m──────────────────────────────────────────────────[0m


stdout | src/commands/specify.test.ts > specifyCommand > should dispatch workflow in new mode with prompt

[36m┌─────────────────────────────────────────────┐[0m
[36m│[0m  [32m✓ [1mdefine spec[0m [32mcomplete[0m
[36m│[0m  Duration: [1m0s[0m
[36m│[0m  Run:      [2m#4400[0m
[36m└─────────────────────────────────────────────┘[0m

stdout | src/commands/specify.test.ts > specifyCommand > should exit with non-zero if workflow fails

[2m──────────────────────────────────────────────────[0m
[1m[36m▸ gwrk define spec[0m  [2m14:58:30[0m
  [2mAgent     [0m gemini
  [2mFeature   [0m 014-plugin-system
  [2mMode      [0m rework
  [2mRun ID    [0m 4401
[2m──────────────────────────────────────────────────[0m


 ✓ src/commands/specify.test.ts (4 tests) 59ms
 ✓ src/commands/sync-context.test.ts (2 tests) 21ms
 ✓ src/engine/effort.test.ts (14 tests) 41ms
 ✓ src/commands/define.test.ts (4 tests) 57ms
 ✓ src/commands/plugin.test.ts (6 tests) 147ms
 ✓ src/commands/pulse.test.ts (8 tests) 16ms
 ✓ src/plugins/loader.test.ts (5 tests) 26ms
stdout | src/commands/implement.test.ts > implementAction > iterates through tasks and calls agent-run.sh

[2m──────────────────────────────────────────────────[0m
[1m[36m▸ gwrk implement[0m  [2m14:58:30[0m
  [2mFeature   [0m 004-ship-loop
  [2mPhase     [0m 1
  [2mAgent     [0m mock-backend
  [2mRun ID    [0m 123
[2m──────────────────────────────────────────────────[0m

[32m▶[0m Implementing T001: Task 1

stdout | src/commands/implement.test.ts > implementAction > iterates through tasks and calls agent-run.sh

[2mVerifying gate for T001...[0m
[32m✓[0m T001 gate passed. Marking completed.
[32m▶[0m Implementing T002: Task 2

stdout | src/commands/implement.test.ts > implementAction > iterates through tasks and calls agent-run.sh

[2mVerifying gate for T002...[0m
[32m✓[0m T002 gate passed. Marking completed.

[36m┌─────────────────────────────────────────────┐[0m
[36m│[0m  [32m✓ [1mimplement[0m [32mcomplete[0m
[36m│[0m  Duration: [1m0s[0m
[36m│[0m  Run:      [2m#123[0m
[36m└─────────────────────────────────────────────┘[0m

stdout | src/commands/implement.test.ts > implementAction > skips tasks that already pass pre-flight gate

[2m──────────────────────────────────────────────────[0m
[1m[36m▸ gwrk implement[0m  [2m14:58:30[0m
  [2mFeature   [0m 004-ship-loop
  [2mPhase     [0m 1
  [2mAgent     [0m mock-backend
  [2mRun ID    [0m 123
[2m──────────────────────────────────────────────────[0m

[33m⚠[0m T001 pre-flight PASS — gate already satisfied, skipping
[32m▶[0m Implementing T002: Task 2

stdout | src/commands/implement.test.ts > implementAction > skips tasks that already pass pre-flight gate

[2mVerifying gate for T002...[0m
[32m✓[0m T002 gate passed. Marking completed.

[36m┌─────────────────────────────────────────────┐[0m
[36m│[0m  [32m✓ [1mimplement[0m [32mcomplete[0m
[36m│[0m  Duration: [1m0s[0m
[36m│[0m  Run:      [2m#123[0m
[36m└─────────────────────────────────────────────┘[0m

stdout | src/commands/implement.test.ts > implementAction > respects dry-run flag

[2m──────────────────────────────────────────────────[0m
[1m[36m▸ gwrk implement[0m  [2m14:58:30[0m
  [2mFeature   [0m 004-ship-loop
  [2mPhase     [0m 1
  [2mAgent     [0m mock-backend
  [2mRun ID    [0m 123
[2m──────────────────────────────────────────────────[0m

[35m[DRY RUN][0m Would execute: [2m/Users/gonzo/Code/gwrk/scripts/dev/agent-run.sh implement 004-ship-loop 1 T001[0m
[35m[DRY RUN][0m Would execute: [2m/Users/gonzo/Code/gwrk/scripts/dev/agent-run.sh implement 004-ship-loop 1 T002[0m

[36m┌─────────────────────────────────────────────┐[0m
[36m│[0m  [32m✓ [1mimplement[0m [32mcomplete[0m
[36m│[0m  Duration: [1m0s[0m
[36m│[0m  Run:      [2m#123[0m
[36m└─────────────────────────────────────────────┘[0m

 ✓ src/commands/implement.test.ts (3 tests) 19ms
 ✓ src/db/db.test.ts (7 tests) 20ms
 ✓ src/db/plan.test.ts (4 tests) 10ms
 ✓ src/engine/pulse.test.ts (11 tests) 50ms
 ✓ src/utils/gate-gen.test.ts (14 tests) 28ms
 ✓ src/commands/tasks-query.test.ts (4 tests) 13ms
 ✓ src/commands/plan-top-level.test.ts (3 tests) 4ms
 ✓ src/utils/state.test.ts (6 tests) 35ms
stdout | src/plugins/migrate.test.ts > FR-011: Skill Migration > US-009: generates valid manifest.yaml from SKILL.md frontmatter
Migrated skill 'truth-extract'.

stdout | src/plugins/migrate.test.ts > FR-011: Skill Migration > US-009: skips migration if plugin already exists at destination
Skipping 'truth-extract' — already installed.

 ✓ src/plugins/migrate.test.ts (2 tests) 8ms
 ✓ src/engine/harvest.test.ts (6 tests | 3 skipped) 7ms
stdout | src/plugins/seed.test.ts > FR-012: Skill Seeding (Taxonomy to Skills) > US-010: parses reasoning-modes.md and generates atomic skill plugins
Seeded skill 'narrative' (reasoning).

stdout | src/plugins/seed.test.ts > FR-012: Skill Seeding (Taxonomy to Skills) > US-010: parses reasoning-modes.md and generates atomic skill plugins
Seeded skill 'adversarial' (evaluative).

stdout | src/plugins/seed.test.ts > FR-012: Skill Seeding (Taxonomy to Skills) > US-010: preserves categories from the taxonomy
Seeded skill 'generative' (creative).

stdout | src/plugins/seed.test.ts > FR-012: Skill Seeding (Taxonomy to Skills) > US-010: supports --dry-run mode
[DRY RUN] Would seed skill 'generative' (creative) to /Users/gonzo/.gwrk/plugins/skills/generative

 ✓ src/plugins/seed.test.ts (3 tests) 6ms
 ✓ src/cli.e2e.test.ts (7 tests) 3623ms
   ✓ CLI E2E Integration (UI / Command Surface) > shows exactly the settled hierarchy on --help (US-018)  312ms
   ✓ CLI E2E Integration (UI / Command Surface) > gwrk define --help shows settled hierarchy (US-018)  431ms
   ✓ CLI E2E Integration (UI / Command Surface) > gwrk ship --help shows settled hierarchy (US-018)  406ms
   ✓ CLI E2E Integration (UI / Command Surface) > gwrk measure --help shows settled hierarchy (US-018)  559ms
   ✓ CLI E2E Integration (UI / Command Surface) > gwrk db --help shows settled hierarchy (US-018)  683ms
   ✓ CLI E2E Integration (UI / Command Surface) > gwrk tasks --help shows settled hierarchy (US-005, US-006)  507ms
   ✓ CLI E2E Integration (UI / Command Surface) > fails gracefully with correct error when spec is missing  724ms
 ✓ src/utils/agent-layer.test.ts (12 tests) 4ms
 ✓ src/server/slack-actions.test.ts (3 tests) 5ms
 ✓ src/utils/manifest.test.ts (8 tests) 11ms
 ✓ src/engine/compression.test.ts (10 tests) 11ms
stdout | src/commands/test.test.ts > testCommand > should run vitest for all test files in a feature
  Found 1 test files

stdout | src/commands/test.test.ts > testCommand > should filter by phase
  Found 1 test files

stdout | src/commands/test.test.ts > testCommand > should exit 1 if vitest fails
  Found 1 test files

 ✓ src/db/compression.test.ts (3 tests) 8ms
 ✓ src/commands/test.test.ts (3 tests) 8ms
 ✓ src/utils/gate-runner.test.ts (4 tests) 2ms
 ✓ src/commands/skill.test.ts (5 tests) 8ms
 ✓ src/commands/compression.test.ts (3 tests) 7ms
 ✓ src/engine/classify.test.ts (6 tests) 6ms
stdout | src/engine/ship-orchestrator.test.ts > ShipOrchestrator > should complete full lifecycle successfully
Starting/Resuming Ship Loop: BRANCH_SETUP

stdout | src/engine/ship-orchestrator.test.ts > ShipOrchestrator > should complete full lifecycle successfully
  review-code-cli verdict: GO

stdout | src/engine/ship-orchestrator.test.ts > ShipOrchestrator > should complete full lifecycle successfully
  review-uat-cli verdict: GO

stdout | src/engine/ship-orchestrator.test.ts > ShipOrchestrator > should complete full lifecycle successfully
Creating PR and awaiting CI...
  PR #42 created/found. Waiting for CI...

stdout | src/engine/ship-orchestrator.test.ts > ShipOrchestrator > should fail-fast if working tree is dirty
Starting/Resuming Ship Loop: BRANCH_SETUP

stdout | src/engine/ship-orchestrator.test.ts > ShipOrchestrator > should skip implementation if pre-flight gate passes
Starting/Resuming Ship Loop: BRANCH_SETUP

stdout | src/engine/ship-orchestrator.test.ts > ShipOrchestrator > should skip implementation if pre-flight gate passes
  pre-flight PASS — gate already satisfied: T001

stdout | src/engine/ship-orchestrator.test.ts > ShipOrchestrator > should skip implementation if pre-flight gate passes
  review-code-cli verdict: GO

stdout | src/engine/ship-orchestrator.test.ts > ShipOrchestrator > should skip implementation if pre-flight gate passes
  review-uat-cli verdict: GO

stdout | src/engine/ship-orchestrator.test.ts > ShipOrchestrator > should skip implementation if pre-flight gate passes
Creating PR and awaiting CI...
  PR #42 created/found. Waiting for CI...

stdout | src/engine/ship-orchestrator.test.ts > ShipOrchestrator > should loop back to IMPLEMENT on NO-GO review
Starting/Resuming Ship Loop: BRANCH_SETUP

stdout | src/engine/ship-orchestrator.test.ts > ShipOrchestrator > should loop back to IMPLEMENT on NO-GO review
  1 task(s) re-opened: T001
  review-code-cli verdict: NO-GO
NO-GO in review-code-cli, looping back to IMPLEMENT (Iteration 2)

stdout | src/engine/ship-orchestrator.test.ts > ShipOrchestrator > should loop back to IMPLEMENT on NO-GO review
  review-code-cli verdict: GO

stdout | src/engine/ship-orchestrator.test.ts > ShipOrchestrator > should loop back to IMPLEMENT on NO-GO review
  review-uat-cli verdict: GO

stdout | src/engine/ship-orchestrator.test.ts > ShipOrchestrator > should loop back to IMPLEMENT on NO-GO review
Creating PR and awaiting CI...
  PR #42 created/found. Waiting for CI...

stdout | src/engine/ship-orchestrator.test.ts > ShipOrchestrator > should trip circuit breaker after MAX_ITERATIONS
Starting/Resuming Ship Loop: BRANCH_SETUP

stdout | src/engine/ship-orchestrator.test.ts > ShipOrchestrator > should trip circuit breaker after MAX_ITERATIONS
  1 task(s) re-opened: T001
  review-code-cli verdict: NO-GO

 ✓ src/engine/ship-orchestrator.test.ts (6 tests) 21ms
 ✓ src/commands/plan.phase5.test.ts (2 tests) 7ms
 ✓ src/commands/effort.test.ts (2 tests) 8ms
 ✓ src/server/lifecycle.test.ts (3 tests) 4ms
 ✓ src/engine/readiness-scanner.test.ts (4 tests) 9ms
 ✓ src/commands/plan.phase2.test.ts (3 tests) 6ms
 ✓ src/utils/parser-plan.test.ts (3 tests) 6ms
 ✓ src/engine/plan-store.test.ts (4 tests) 3ms
 ✓ src/utils/slack-client.test.ts (4 tests) 5ms
 ✓ src/engine/define-orchestrator.test.ts (2 tests) 4ms
 ✓ src/engine/spec-parser.test.ts (8 tests) 6ms
 ✓ src/commands/setup-slack.test.ts (4 tests) 6ms
 ✓ src/server/sandbox.test.ts (6 tests) 7ms
 ✓ src/server/monitor.test.ts (6 tests) 5ms
 ✓ src/engine/intent-engine.test.ts (8 tests) 11ms
 ✓ src/commands/runs.test.ts (3 tests) 4ms
 ✓ src/commands/stats.test.ts (3 tests) 4ms
 ✓ src/plugins/skill-runtime.test.ts (6 tests) 3ms
 ✓ src/utils/output.test.ts (13 tests) 4ms
 ✓ src/server/slack-channel.test.ts (7 tests) 5ms
 ✓ src/server/backends/invocation-strategy.test.ts (2 tests) 3ms
 ✓ src/plugins/workflow-runtime.test.ts (10 tests) 6ms
stdout | src/server/slack-integration.test.ts > slack-integration > starts the Slack app and registers handlers
⚡️ Slack Bolt app is running!

 ✓ src/server/slack-integration.test.ts (1 test) 3ms
 ✓ src/engine/router.test.ts (4 tests) 5ms
 ✓ src/server/context.test.ts (1 test) 8ms
 ✓ src/plugins/manifest.test.ts (7 tests) 4ms
 ✓ src/server/network.test.ts (4 tests) 3ms
 ✓ src/engine/plan-solver.test.ts (4 tests) 6ms
 ✓ src/server/slack.test.ts (3 tests) 3ms
 ✓ src/utils/config.test.ts (2 tests) 8ms
 ✓ src/engine/discover.test.ts (1 test) 3ms
 ✓ src/plugins.e2e.test.ts (6 tests) 1ms
 ✓ src/005-parallel-dispatch.e2e.test.ts (2 tests | 1 skipped) 2ms
 ✓ src/commands/project.test.ts (10 tests) 5ms
 ↓ src/commands/tasks-reconcile.test.ts (4 tests | 4 skipped)
 ↓ tests/harvest-e2e.test.ts (1 test | 1 skipped)
 ✓ src/scripts-e2e.test.ts (12 tests | 2 skipped) 6495ms
   ✓ work-until-done.sh execution flow > should complete a full execution loop without unbound variables  1145ms
   ✓ work-until-done.sh execution flow > FR-017/T002: should emit structured events to .events sidecar during run  1142ms
   ✓ work-until-done.sh execution flow > creates timestamped log file tracking the execution  1210ms
   ✓ work-until-done.sh execution flow > FR-003/T004: should run pre-flight tasks.json gates before implementation  1192ms
   ✓ work-until-done.sh execution flow > FR-005: should loop back to IMPLEMENT if review returns NO-GO  802ms
   ✓ work-until-done.sh execution flow > FR-006: should create PR and wait for CI  474ms
   ✓ work-until-done.sh execution flow > FR-008/US-005: should resume from last persisted stage in state file  402ms

 Test Files  5 failed | 99 passed | 2 skipped (106)
      Tests  7 failed | 541 passed | 13 todo (561)
   Start at  14:58:27
   Duration  6.92s (transform 2.60s, setup 0ms, collect 12.58s, tests 23.98s, environment 33ms, prepare 6.41s)

